📅 只抓时间段：2025-07-08 ~ 至今
🚀 启动浏览器，开始采集…
→ 正在抓取 https://xueqiu.com/u/7143769715 …
✅ 冰冰小美（7143769715）：新增 2463 条
→ 正在抓取 https://xueqiu.com/u/1314783718 …
✅ 饕餮海（1314783718）：新增 0 条；⚠️ 被 WAF 拦截 2 次，并因此提前停止（更早的帖子可能没抓全，建议稍后重跑同样的命令补齐）
→ 正在抓取 https://xueqiu.com/u/2965814896 …
✅ （）：新增 0 条
→ 正在抓取 https://xueqiu.com/u/8592131633 …
✅ （）：新增 0 条
→ 正在抓取 https://xueqiu.com/u/1247347556 …
✅ （）：新增 0 条
→ 正在抓取 https://xueqiu.com/u/1546206224 …
✅ （）：新增 0 条

⚠️  本次共有 2 次请求被 WAF 拦截。如担心遗漏，过几分钟用相同命令重跑一遍即可（已抓的会去重，只补缺的）。
📅 只抓时间段：2025-07-08 ~ 至今
🚀 启动浏览器，开始采集…
→ 正在抓取 https://xueqiu.com/u/7143769715 …
✅ 冰冰小美（7143769715）：新增 0 条
→ 正在抓取 https://xueqiu.com/u/1314783718 …
✅ 饕餮海（1314783718）：新增 0 条；⚠️ 被 WAF 拦截 2 次，并因此提前停止（更早的帖子可能没抓全，建议稍后重跑同样的命令补齐）
→ 正在抓取 https://xueqiu.com/u/2965814896 …
✅ （）：新增 0 条
→ 正在抓取 https://xueqiu.com/u/8592131633 …
✅ （）：新增 0 条
→ 正在抓取 https://xueqiu.com/u/1247347556 …
✅ （）：新增 0 条
→ 正在抓取 https://xueqiu.com/u/1546206224 …
✅ （）：新增 0 条

⚠️  本次共有 2 次请求被 WAF 拦截。如担心遗漏，过几分钟用相同命令重跑一遍即可（已抓的会去重，只补缺的）。
